// Jest Snapshot v1, https://goo.gl/fbAQLP

exports[`Image GIVEN minimum required props SHOULD render img tag correctly 1`] = `
<div
  class="image-container"
>
  <img
    alt="Test alt"
    class="image-viewer"
    src="https://www.test.com/image.png"
  />
</div>
`;
